I'm sorry, but errors were detected in your script. Please correct the
errors listed below, and try again.


File "game/script.rpy", line 844: expected statement.
    PeixesScore <= 6
                ^

Ren'Py Version: Ren'Py 8.0.2.22081402
Fri Nov 25 20:38:28 2022
